[00:10:02.014] 开始MainWindow构造函数
[00:10:02.198] InitializeComponent完成
[00:10:02.198] 开始初始化服务
[00:10:02.198] PortScanner初始化完成
[00:10:02.198] RiskAssessmentService初始化完成
[00:10:02.199] PortManagementService初始化完成
[00:10:02.275] VulnerabilityScanner初始化完成
[00:10:02.276] JsonDatabaseService初始化完成
[00:10:02.276] InitializeServices完成
[00:10:07.730] MainWindow构造函数完成
[00:10:08.068] MainWindow_Loaded事件触发
[00:10:08.069] MainWindow_Loaded事件处理完成
[00:10:08.083] 开始初始化图表
[00:10:08.095] 图表初始化完成
[00:18:32.533] 开始执行窗口关闭清理
[00:18:32.536] 窗口关闭清理过程中发生错误: The CancellationTokenSource has been disposed.
[01:02:58.421] 开始MainWindow构造函数
[01:02:58.662] InitializeComponent完成
[01:02:58.663] 开始初始化服务
[01:02:58.663] PortScanner初始化完成
[01:02:58.663] RiskAssessmentService初始化完成
[01:02:58.663] PortManagementService初始化完成
[01:02:58.757] VulnerabilityScanner初始化完成
[01:02:58.758] JsonDatabaseService初始化完成
[01:02:58.758] InitializeServices完成
[01:03:04.199] MainWindow构造函数完成
[01:03:04.474] MainWindow_Loaded事件触发
[01:03:04.475] MainWindow_Loaded事件处理完成
[01:03:04.491] 开始初始化图表
[01:03:04.501] 图表初始化完成
[15:34:46.736] 开始MainWindow构造函数
[15:34:46.915] InitializeComponent完成
[15:34:46.915] 开始初始化服务
[15:34:46.916] PortScanner初始化完成
[15:34:46.916] RiskAssessmentService初始化完成
[15:34:46.916] PortManagementService初始化完成
[15:34:46.989] VulnerabilityScanner初始化完成
[15:34:46.990] JsonDatabaseService初始化完成
[15:34:46.990] InitializeServices完成
[15:34:52.513] MainWindow构造函数完成
[15:34:52.808] MainWindow_Loaded事件触发
[15:34:52.808] MainWindow_Loaded事件处理完成
[15:34:52.819] 开始初始化图表
[15:34:52.824] 图表初始化完成
[15:43:33.336] 开始执行窗口关闭清理
[15:43:34.338] 窗口关闭清理完成
