[13:26:26.943] 开始MainWindow构造函数
[13:26:27.142] InitializeComponent完成
[13:26:27.142] 开始初始化服务
[13:26:27.143] PortScanner初始化完成
[13:26:27.143] RiskAssessmentService初始化完成
[13:26:27.143] PortManagementService初始化完成
[13:26:27.220] VulnerabilityScanner初始化完成
[13:26:27.221] JsonDatabaseService初始化完成
[13:26:27.221] InitializeServices完成
[13:26:33.331] MainWindow构造函数完成
[13:26:33.716] MainWindow_Loaded事件触发
[13:26:33.717] MainWindow_Loaded事件处理完成
[13:26:33.734] 开始初始化图表
[13:26:33.740] 图表初始化完成
[13:29:38.356] 开始执行窗口关闭清理
[13:29:39.360] 窗口关闭清理完成
[13:30:00.895] 开始MainWindow构造函数
[13:30:01.082] InitializeComponent完成
[13:30:01.083] 开始初始化服务
[13:30:01.083] PortScanner初始化完成
[13:30:01.083] RiskAssessmentService初始化完成
[13:30:01.083] PortManagementService初始化完成
[13:30:01.155] VulnerabilityScanner初始化完成
[13:30:01.155] JsonDatabaseService初始化完成
[13:30:01.155] InitializeServices完成
[13:30:07.214] MainWindow构造函数完成
[13:30:07.600] MainWindow_Loaded事件触发
[13:30:07.600] MainWindow_Loaded事件处理完成
[13:30:07.619] 开始初始化图表
[13:30:07.624] 图表初始化完成
[13:31:01.116] 开始执行窗口关闭清理
[13:31:02.129] 窗口关闭清理完成
[13:33:02.335] 开始MainWindow构造函数
[13:33:02.521] InitializeComponent完成
[13:33:02.522] 开始初始化服务
[13:33:02.522] PortScanner初始化完成
[13:33:02.522] RiskAssessmentService初始化完成
[13:33:02.522] PortManagementService初始化完成
[13:33:02.595] VulnerabilityScanner初始化完成
[13:33:02.596] JsonDatabaseService初始化完成
[13:33:02.596] InitializeServices完成
[13:33:08.484] MainWindow构造函数完成
[13:33:08.857] MainWindow_Loaded事件触发
[13:33:08.857] MainWindow_Loaded事件处理完成
[13:33:08.883] 开始初始化图表
[13:33:08.891] 图表初始化完成
[15:19:38.396] 开始执行窗口关闭清理
[15:19:38.400] 窗口关闭清理过程中发生错误: The CancellationTokenSource has been disposed.
[19:13:14.057] 开始MainWindow构造函数
[19:13:14.278] InitializeComponent完成
[19:13:14.278] 开始初始化服务
[19:13:14.279] PortScanner初始化完成
[19:13:14.279] RiskAssessmentService初始化完成
[19:13:14.279] PortManagementService初始化完成
[19:13:14.370] VulnerabilityScanner初始化完成
[19:13:14.370] JsonDatabaseService初始化完成
[19:13:14.370] InitializeServices完成
[19:13:19.968] MainWindow构造函数完成
[19:13:20.343] MainWindow_Loaded事件触发
[19:13:20.343] MainWindow_Loaded事件处理完成
[19:13:20.354] 开始初始化图表
[19:13:20.364] 图表初始化完成
[19:13:23.477] 开始执行窗口关闭清理
[19:13:24.481] 窗口关闭清理完成
