[17:32:30.225] 开始MainWindow构造函数
[17:32:30.396] InitializeComponent完成
[17:32:30.397] 开始初始化服务
[17:32:30.397] PortScanner初始化完成
[17:32:30.397] RiskAssessmentService初始化完成
[17:32:30.397] PortManagementService初始化完成
[17:32:30.463] VulnerabilityScanner初始化完成
[17:32:30.465] JsonDatabaseService初始化完成
[17:32:30.465] InitializeServices完成
[17:32:34.483] 开始MainWindow构造函数
[17:32:34.646] InitializeComponent完成
[17:32:34.647] 开始初始化服务
[17:32:34.647] PortScanner初始化完成
[17:32:34.647] RiskAssessmentService初始化完成
[17:32:34.647] PortManagementService初始化完成
[17:32:34.714] VulnerabilityScanner初始化完成
[17:32:34.717] JsonDatabaseService初始化完成
[17:32:34.718] InitializeServices完成
[17:32:35.409] 开始初始化性能优化组件
[17:32:35.409] UI节流器初始化成功，更新间隔: 500ms
[17:32:35.414] 开始初始化性能优化组件
[17:32:35.415] UI节流器初始化成功，更新间隔: 500ms
[17:32:35.472] 扫描性能监控器初始化成功
[17:32:35.472] 性能优化组件初始化完成
[17:32:35.472] MainWindow构造函数完成
[17:32:35.474] 扫描性能监控器初始化成功
[17:32:35.474] 性能优化组件初始化完成
[17:32:35.474] MainWindow构造函数完成
[17:32:35.781] MainWindow_Loaded事件触发
[17:32:35.782] MainWindow_Loaded事件触发
[17:32:35.782] MainWindow_Loaded事件处理完成
[17:32:35.782] MainWindow_Loaded事件处理完成
[17:32:35.800] 开始初始化图表
[17:32:35.801] 开始初始化图表
[17:32:35.809] 图表初始化完成
[17:42:10.581] 开始执行窗口关闭清理
[17:42:11.696] UI节流器已释放
[17:42:11.698] 已清理扫描结果集合
[17:42:11.713] 窗口关闭清理完成
[17:42:16.226] 开始执行窗口关闭清理
[17:42:17.347] UI节流器已释放
[17:42:17.348] 已清理扫描结果集合
[17:42:17.380] 窗口关闭清理完成
