[17:46:49.588] 开始MainWindow构造函数
[17:46:49.774] InitializeComponent完成
[17:46:49.775] 开始初始化服务
[17:46:49.775] PortScanner初始化完成
[17:46:49.775] RiskAssessmentService初始化完成
[17:46:49.775] PortManagementService初始化完成
[17:46:49.847] VulnerabilityScanner初始化完成
[17:46:49.849] JsonDatabaseService初始化完成
[17:46:49.849] InitializeServices完成
[17:46:54.694] 开始MainWindow构造函数
[17:46:54.712] 开始初始化性能优化组件
[17:46:54.713] UI节流器初始化成功，更新间隔: 500ms
[17:46:54.768] 扫描性能监控器初始化成功
[17:46:54.768] 性能优化组件初始化完成
[17:46:54.768] MainWindow构造函数完成
[17:46:54.875] InitializeComponent完成
[17:46:54.876] 开始初始化服务
[17:46:54.876] PortScanner初始化完成
[17:46:54.876] RiskAssessmentService初始化完成
[17:46:54.876] PortManagementService初始化完成
[17:46:54.897] MainWindow_Loaded事件触发
[17:46:54.898] MainWindow_Loaded事件处理完成
[17:46:54.907] 开始初始化图表
[17:46:54.914] 图表初始化完成
[17:46:54.949] VulnerabilityScanner初始化完成
[17:46:54.951] JsonDatabaseService初始化完成
[17:46:54.951] InitializeServices完成
[17:46:55.580] 开始初始化性能优化组件
[17:46:55.581] UI节流器初始化成功，更新间隔: 500ms
[17:46:55.636] 扫描性能监控器初始化成功
[17:46:55.636] 性能优化组件初始化完成
[17:46:55.636] MainWindow构造函数完成
[17:46:55.771] MainWindow_Loaded事件触发
[17:46:55.771] MainWindow_Loaded事件处理完成
[17:46:55.781] 开始初始化图表
[17:46:55.786] 图表初始化完成
[17:47:03.890] 开始执行窗口关闭清理
[17:47:04.759] 开始执行窗口关闭清理
[17:47:05.012] UI节流器已释放
[17:47:05.013] 已清理扫描结果集合
[17:47:05.022] 窗口关闭清理完成
[17:47:05.872] UI节流器已释放
[17:47:05.873] 已清理扫描结果集合
[17:47:05.882] 窗口关闭清理完成
[17:47:08.216] 开始MainWindow构造函数
[17:47:08.390] InitializeComponent完成
[17:47:08.390] 开始初始化服务
[17:47:08.390] PortScanner初始化完成
[17:47:08.391] RiskAssessmentService初始化完成
[17:47:08.391] PortManagementService初始化完成
[17:47:08.459] VulnerabilityScanner初始化完成
[17:47:08.461] JsonDatabaseService初始化完成
[17:47:08.461] InitializeServices完成
[17:47:09.101] 开始初始化性能优化组件
[17:47:09.101] UI节流器初始化成功，更新间隔: 500ms
[17:47:09.154] 扫描性能监控器初始化成功
[17:47:09.154] 性能优化组件初始化完成
[17:47:09.154] MainWindow构造函数完成
[17:47:09.287] MainWindow_Loaded事件触发
[17:47:09.287] MainWindow_Loaded事件处理完成
[17:47:09.297] 开始初始化图表
[17:47:09.301] 图表初始化完成
[17:47:19.087] 开始执行窗口关闭清理
[17:47:20.204] UI节流器已释放
[17:47:20.205] 已清理扫描结果集合
[17:47:20.231] 窗口关闭清理完成
[18:43:16.799] 开始MainWindow构造函数
[18:43:16.975] InitializeComponent完成
[18:43:16.976] 开始初始化服务
[18:43:16.976] PortScanner初始化完成
[18:43:16.976] RiskAssessmentService初始化完成
[18:43:16.976] PortManagementService初始化完成
[18:43:17.049] VulnerabilityScanner初始化完成
[18:43:17.051] JsonDatabaseService初始化完成
[18:43:17.051] InitializeServices完成
[18:43:22.040] 开始初始化性能优化组件
[18:43:22.041] UI节流器初始化成功，更新间隔: 500ms
[18:43:22.098] 扫描性能监控器初始化成功
[18:43:22.098] 性能优化组件初始化完成
[18:43:22.099] MainWindow构造函数完成
[18:43:22.289] MainWindow_Loaded事件触发
[18:43:22.290] MainWindow_Loaded事件处理完成
[18:43:22.301] 开始初始化图表
[18:43:22.309] 图表初始化完成
[18:47:11.932] 开始执行窗口关闭清理
[18:47:12.935] 资源清理过程中发生错误: The CancellationTokenSource has been disposed.
[18:47:12.935] 窗口关闭清理完成
[19:27:38.947] 开始MainWindow构造函数
[19:27:39.132] InitializeComponent完成
[19:27:39.133] 开始初始化服务
[19:27:39.133] PortScanner初始化完成
[19:27:39.133] RiskAssessmentService初始化完成
[19:27:39.133] PortManagementService初始化完成
[19:27:39.204] VulnerabilityScanner初始化完成
[19:27:39.206] JsonDatabaseService初始化完成
[19:27:39.206] InitializeServices完成
[19:27:44.255] 开始初始化性能优化组件
[19:27:44.256] UI节流器初始化成功，更新间隔: 500ms
[19:27:44.343] 扫描性能监控器初始化成功
[19:27:44.343] 性能优化组件初始化完成
[19:27:44.343] MainWindow构造函数完成
[19:27:44.615] MainWindow_Loaded事件触发
[19:27:44.616] MainWindow_Loaded事件处理完成
[19:27:44.629] 开始初始化图表
[19:27:44.635] 图表初始化完成
[19:54:57.016] 开始执行窗口关闭清理
[19:54:58.129] UI节流器已释放
[19:54:58.130] 已清理扫描结果集合
[19:54:58.141] 窗口关闭清理完成
