[00:07:59.481] 开始MainWindow构造函数
[00:07:59.659] InitializeComponent完成
[00:07:59.659] 开始初始化服务
[00:07:59.659] PortScanner初始化完成
[00:07:59.659] RiskAssessmentService初始化完成
[00:07:59.659] PortManagementService初始化完成
[00:07:59.733] VulnerabilityScanner初始化完成
[00:07:59.735] JsonDatabaseService初始化完成
[00:07:59.736] InitializeServices完成
[00:08:03.573] 开始MainWindow构造函数
[00:08:03.739] InitializeComponent完成
[00:08:03.740] 开始初始化服务
[00:08:03.740] PortScanner初始化完成
[00:08:03.740] RiskAssessmentService初始化完成
[00:08:03.740] PortManagementService初始化完成
[00:08:03.810] VulnerabilityScanner初始化完成
[00:08:03.814] JsonDatabaseService初始化完成
[00:08:03.814] InitializeServices完成
[00:08:04.897] 开始初始化性能优化组件
[00:08:04.897] UI节流器初始化成功，更新间隔: 500ms
[00:08:04.963] 扫描性能监控器初始化成功
[00:08:04.963] 性能优化组件初始化完成
[00:08:04.963] MainWindow构造函数完成
[00:08:05.156] MainWindow_Loaded事件触发
[00:08:05.156] MainWindow_Loaded事件处理完成
[00:08:05.167] 开始初始化图表
[00:08:05.175] 图表初始化完成
[00:08:05.234] 开始初始化性能优化组件
[00:08:05.235] UI节流器初始化成功，更新间隔: 500ms
[00:08:05.425] 扫描性能监控器初始化成功
[00:08:05.425] 性能优化组件初始化完成
[00:08:05.425] MainWindow构造函数完成
[00:08:05.717] MainWindow_Loaded事件触发
[00:08:05.717] MainWindow_Loaded事件处理完成
[00:08:05.727] 开始初始化图表
[00:08:05.732] 图表初始化完成
[00:14:29.726] 开始执行窗口关闭清理
[00:14:30.848] UI节流器已释放
[00:14:30.849] 已清理扫描结果集合
[00:14:30.875] 窗口关闭清理完成
[00:14:31.584] 开始执行窗口关闭清理
[00:14:32.706] UI节流器已释放
[00:14:32.707] 已清理扫描结果集合
[00:14:32.714] 窗口关闭清理完成
[18:19:46.345] 开始MainWindow构造函数
[18:19:46.541] InitializeComponent完成
[18:19:46.541] 开始初始化服务
[18:19:46.541] PortScanner初始化完成
[18:19:46.541] RiskAssessmentService初始化完成
[18:19:46.541] PortManagementService初始化完成
[18:19:46.612] VulnerabilityScanner初始化完成
[18:19:46.616] JsonDatabaseService初始化完成
[18:19:46.616] InitializeServices完成
[18:19:52.476] 开始初始化性能优化组件
[18:19:52.478] UI节流器初始化成功，更新间隔: 500ms
[18:19:52.672] 扫描性能监控器初始化成功
[18:19:52.673] 性能优化组件初始化完成
[18:19:52.673] MainWindow构造函数完成
[18:19:53.054] MainWindow_Loaded事件触发
[18:19:53.055] MainWindow_Loaded事件处理完成
[18:19:53.065] 开始初始化图表
[18:19:53.074] 图表初始化完成
[18:34:30.223] 开始执行窗口关闭清理
[18:34:31.237] 资源清理过程中发生错误: The CancellationTokenSource has been disposed.
[18:34:31.238] 窗口关闭清理完成
[19:19:16.811] 开始MainWindow构造函数
[19:19:16.992] InitializeComponent完成
[19:19:16.992] 开始初始化服务
[19:19:16.992] PortScanner初始化完成
[19:19:16.992] RiskAssessmentService初始化完成
[19:19:16.993] PortManagementService初始化完成
[19:19:17.063] VulnerabilityScanner初始化完成
[19:19:17.066] JsonDatabaseService初始化完成
[19:19:17.066] InitializeServices完成
[19:19:20.401] 开始MainWindow构造函数
[19:19:20.579] InitializeComponent完成
[19:19:20.580] 开始初始化服务
[19:19:20.580] PortScanner初始化完成
[19:19:20.580] RiskAssessmentService初始化完成
[19:19:20.580] PortManagementService初始化完成
[19:19:20.651] VulnerabilityScanner初始化完成
[19:19:20.654] JsonDatabaseService初始化完成
[19:19:20.654] InitializeServices完成
[19:19:22.160] 开始初始化性能优化组件
[19:19:22.161] UI节流器初始化成功，更新间隔: 500ms
[19:19:22.233] 扫描性能监控器初始化成功
[19:19:22.233] 性能优化组件初始化完成
[19:19:22.233] MainWindow构造函数完成
[19:19:22.441] MainWindow_Loaded事件触发
[19:19:22.442] MainWindow_Loaded事件处理完成
[19:19:22.454] 开始初始化图表
[19:19:22.463] 图表初始化完成
[19:19:22.644] 开始初始化性能优化组件
[19:19:22.644] UI节流器初始化成功，更新间隔: 500ms
[19:19:22.826] 扫描性能监控器初始化成功
[19:19:22.827] 性能优化组件初始化完成
[19:19:22.827] MainWindow构造函数完成
[19:19:23.077] MainWindow_Loaded事件触发
[19:19:23.077] MainWindow_Loaded事件处理完成
[19:19:23.088] 开始初始化图表
[19:19:23.094] 图表初始化完成
[19:19:33.644] 开始执行窗口关闭清理
[19:19:34.754] UI节流器已释放
[19:19:34.755] 已清理扫描结果集合
[19:19:34.764] 窗口关闭清理完成
[19:20:15.103] 开始执行窗口关闭清理
[19:20:16.228] UI节流器已释放
[19:20:16.229] 已清理扫描结果集合
[19:20:16.240] 窗口关闭清理完成
[19:33:08.445] 开始MainWindow构造函数
[19:33:08.616] InitializeComponent完成
[19:33:08.617] 开始初始化服务
[19:33:08.617] PortScanner初始化完成
[19:33:08.617] RiskAssessmentService初始化完成
[19:33:08.617] PortManagementService初始化完成
[19:33:08.686] VulnerabilityScanner初始化完成
[19:33:08.688] JsonDatabaseService初始化完成
[19:33:08.688] InitializeServices完成
[19:33:11.346] 开始MainWindow构造函数
[19:33:11.507] InitializeComponent完成
[19:33:11.507] 开始初始化服务
[19:33:11.508] PortScanner初始化完成
[19:33:11.508] RiskAssessmentService初始化完成
[19:33:11.508] PortManagementService初始化完成
[19:33:11.576] VulnerabilityScanner初始化完成
[19:33:11.578] JsonDatabaseService初始化完成
[19:33:11.578] InitializeServices完成
[19:33:13.558] 开始初始化性能优化组件
[19:33:13.559] UI节流器初始化成功，更新间隔: 500ms
[19:33:13.594] 开始初始化性能优化组件
[19:33:13.594] UI节流器初始化成功，更新间隔: 500ms
[19:33:13.626] 扫描性能监控器初始化成功
[19:33:13.626] 性能优化组件初始化完成
[19:33:13.626] MainWindow构造函数完成
[19:33:13.658] 扫描性能监控器初始化成功
[19:33:13.658] 性能优化组件初始化完成
[19:33:13.658] MainWindow构造函数完成
[19:33:13.765] MainWindow_Loaded事件触发
[19:33:13.765] MainWindow_Loaded事件处理完成
[19:33:13.783] 开始初始化图表
[19:33:13.788] 图表初始化完成
[19:33:13.798] MainWindow_Loaded事件触发
[19:33:13.799] MainWindow_Loaded事件处理完成
[19:33:13.816] 开始初始化图表
[19:33:13.823] 图表初始化完成
[20:05:57.851] 开始执行窗口关闭清理
[20:05:58.967] UI节流器已释放
[20:05:58.968] 已清理扫描结果集合
[20:05:58.988] 窗口关闭清理完成
[20:06:27.789] 开始执行窗口关闭清理
[20:06:28.903] UI节流器已释放
[20:06:28.905] 已清理扫描结果集合
[20:06:28.948] 窗口关闭清理完成
